// Jest Snapshot v1, https://goo.gl/fbAQLP

exports[`Pruebas en <GifItem />  Debe de hacer match con el snapshot 1`] = `
<div>
  <div
    class="card"
  >
    <img
      alt="Dragon ball"
      src="https://i.pinimg.com/originals/c4/17/62/c41762a3049ef0fc129651997389e389.png"
    />
    <p>
       
      Dragon ball
       
    </p>
  </div>
</div>
`;
